
Discarded input sections

 .comment       0x00000000        0x0 C:\Users\ndvie\AppData\Local\Temp/cco5361a.o
 .comment       0x00000000        0x0 C:\Users\ndvie\AppData\Local\Temp/ccQ3DCNh.o
 .comment       0x00000000        0x0 C:\Users\ndvie\AppData\Local\Temp/ccJR7KFi.o

Memory Configuration

Name             Origin             Length             Attributes
ram              0x00040000         0x00040000         rw
rom              0x00000000         0x00040000         xr
*default*        0x00000000         0xffffffff

Linker script and memory map

LOAD C:\Users\ndvie\AppData\Local\Temp/cciwXgu5.o
LOAD C:\Users\ndvie\AppData\Local\Temp/cco5361a.o
LOAD C:\Users\ndvie\AppData\Local\Temp/ccQ3DCNh.o
LOAD C:\Users\ndvie\AppData\Local\Temp/ccJR7KFi.o
LOAD c:/users/ndvie/appdata/local/arduino15/packages/renesas-rx/tools/gnuh8-elf/v0902/v0902/h8300-elf/bin/../lib/gcc/h8300-elf/4.3-GNUH8_v0902/h8300s/int32\libgcc.a
LOAD c:/users/ndvie/appdata/local/arduino15/packages/renesas-rx/tools/gnuh8-elf/v0902/v0902/h8300-elf/bin/../lib/gcc/h8300-elf/4.3-GNUH8_v0902/../../../../h8300-elf/lib/h8300s/int32\libc.a
LOAD c:/users/ndvie/appdata/local/arduino15/packages/renesas-rx/tools/gnuh8-elf/v0902/v0902/h8300-elf/bin/../lib/gcc/h8300-elf/4.3-GNUH8_v0902/h8300s/int32\libgcc.a

.vects          0x00000000       0xa8
                0x00000000                _vects = .
 *(.vects)
 .vects         0x00000000       0xa8 C:\Users\ndvie\AppData\Local\Temp/cco5361a.o
                0x00000000                _HardwareVectors

.text           0x00000200       0x72
 CREATE_OBJECT_SYMBOLS
 *(.text)
 .text          0x00000200       0x30 C:\Users\ndvie\AppData\Local\Temp/cciwXgu5.o
                0x00000200                _start
 .text          0x00000230        0x0 C:\Users\ndvie\AppData\Local\Temp/cco5361a.o
 .text          0x00000230       0x34 C:\Users\ndvie\AppData\Local\Temp/ccQ3DCNh.o
                0x00000230                _hw_initialise
 .text          0x00000264        0xe C:\Users\ndvie\AppData\Local\Temp/ccJR7KFi.o
                0x00000264                _main
                0x00000272                etext = .

.init
 *(.init)

.fini
 *(.fini)

.got
 *(.got)
 *(.got.plt)

.rodata         0x00000272        0x0
 *(.rodata)
 *(.rodata.*)
                0x00000272                _erodata = .

.eh_frame_hdr
 *(.eh_frame_hdr)

.eh_frame
 *(.eh_frame)

.jcr
 *(.jcr)

.tors           0x00000272       0x10
                0x00000272                __CTOR_LIST__ = .
                0x00000272        0x4 LONG 0x0 (((__CTOR_END__ - __CTOR_LIST__) / 0x4) - 0x2)
                0x00000276                ___ctors = .
 *(.ctors)
                0x00000276                ___ctors_end = .
                0x00000276        0x4 LONG 0x0
                0x0000027a                __CTOR_END__ = .
                0x0000027a                __DTOR_LIST__ = .
                0x0000027a        0x4 LONG 0x0 (((__DTOR_END__ - __DTOR_LIST__) / 0x4) - 0x2)
                0x0000027e                ___dtors = .
 *(.dtors)
                0x0000027e                ___dtors_end = .
                0x0000027e        0x4 LONG 0x0
                0x00000282                __DTOR_END__ = .
                0x00000282                _mdata = .

.data           0x00040000        0x0 load address 0x00000282
                0x00040000                _data = .
 *(.data)
 .data          0x00040000        0x0 C:\Users\ndvie\AppData\Local\Temp/cciwXgu5.o
 .data          0x00040000        0x0 C:\Users\ndvie\AppData\Local\Temp/cco5361a.o
 .data          0x00040000        0x0 C:\Users\ndvie\AppData\Local\Temp/ccQ3DCNh.o
 .data          0x00040000        0x0 C:\Users\ndvie\AppData\Local\Temp/ccJR7KFi.o
                0x00040000                _edata = .

.gcc_exc
 *(.gcc_exc)

.bss            0x00040000        0x0
                0x00040000                _bss = .
 *(.bss)
 .bss           0x00040000        0x0 C:\Users\ndvie\AppData\Local\Temp/cciwXgu5.o
 .bss           0x00040000        0x0 C:\Users\ndvie\AppData\Local\Temp/cco5361a.o
 .bss           0x00040000        0x0 C:\Users\ndvie\AppData\Local\Temp/ccQ3DCNh.o
 .bss           0x00040000        0x0 C:\Users\ndvie\AppData\Local\Temp/ccJR7KFi.o
 *(COMMON)
                0x00040000                _ebss = .
                0x00040000                _end = .

.stack          0x0007ffc0        0x0
                0x0007ffc0                _stack = .
 *(.stack)

.stab
 *(.stab)

.stabstr
 *(.stabstr)

/DISCARD/
 *(.comment)
OUTPUT(C:\Users\ndvie\AppData\Local\Arduino15\packages\renesas-rx\hardware\h8s\1.0.0/cores/arduino/h8s/sample.out elf32-h8300)

.debug_abbrev   0x00000000       0xbd
 .debug_abbrev  0x00000000       0x62 C:\Users\ndvie\AppData\Local\Temp/cco5361a.o
 .debug_abbrev  0x00000062       0x27 C:\Users\ndvie\AppData\Local\Temp/ccQ3DCNh.o
 .debug_abbrev  0x00000089       0x34 C:\Users\ndvie\AppData\Local\Temp/ccJR7KFi.o

.debug_info     0x00000000       0xd3
 .debug_info    0x00000000       0x5e C:\Users\ndvie\AppData\Local\Temp/cco5361a.o
 .debug_info    0x0000005e       0x35 C:\Users\ndvie\AppData\Local\Temp/ccQ3DCNh.o
 .debug_info    0x00000093       0x40 C:\Users\ndvie\AppData\Local\Temp/ccJR7KFi.o

.debug_line     0x00000000      0x1bf
 .debug_line    0x00000000       0x88 C:\Users\ndvie\AppData\Local\Temp/cco5361a.o
 .debug_line    0x00000088       0xa0 C:\Users\ndvie\AppData\Local\Temp/ccQ3DCNh.o
 .debug_line    0x00000128       0x97 C:\Users\ndvie\AppData\Local\Temp/ccJR7KFi.o

.debug_pubnames
                0x00000000       0x65
 .debug_pubnames
                0x00000000       0x26 C:\Users\ndvie\AppData\Local\Temp/cco5361a.o
 .debug_pubnames
                0x00000026       0x24 C:\Users\ndvie\AppData\Local\Temp/ccQ3DCNh.o
 .debug_pubnames
                0x0000004a       0x1b C:\Users\ndvie\AppData\Local\Temp/ccJR7KFi.o

.debug_str      0x00000000      0x171
 .debug_str     0x00000000       0x8e C:\Users\ndvie\AppData\Local\Temp/cco5361a.o
 .debug_str     0x0000008e       0x77 C:\Users\ndvie\AppData\Local\Temp/ccQ3DCNh.o
                                 0x8d (size before relaxing)
 .debug_str     0x00000105       0x6c C:\Users\ndvie\AppData\Local\Temp/ccJR7KFi.o
                                 0x82 (size before relaxing)

.debug_frame    0x00000000       0x40
 .debug_frame   0x00000000       0x20 C:\Users\ndvie\AppData\Local\Temp/ccQ3DCNh.o
 .debug_frame   0x00000020       0x20 C:\Users\ndvie\AppData\Local\Temp/ccJR7KFi.o

.debug_aranges  0x00000000       0x40
 .debug_aranges
                0x00000000       0x20 C:\Users\ndvie\AppData\Local\Temp/ccQ3DCNh.o
 .debug_aranges
                0x00000020       0x20 C:\Users\ndvie\AppData\Local\Temp/ccJR7KFi.o
